// Jest Snapshot v1, https://goo.gl/fbAQLP

exports[`ProductCard should show the component correctly 1`] = `
<div
  className="productCard undefined "
>
  <h1>
    Product Card
  </h1>
</div>
`;
